===== 2026-09-28 18:29:02 run_all.sh =====
python 3.12.14 | pymoo 0.6.2 | numpy 2.5.3 | matplotlib 3.11.2

### [1/4] 執行 14 組簡報實驗

##### NSGA-II | e1_baseline 基準（預設參數） | POP_SIZE=60 N_GEN=50 ETA_C=15.0 ETA_M=20.0 seed=42 | 0.59 s
=== 5 維 AMR 超參數 - 帕累托最優解 (部分) ===
  v_max |  a_max | w_safety | k_steer | q_r_ratio || Exec Time | Risk Score
---------------------------------------------------------------------------
   0.52 |   0.10 |    10.00 |    0.98 |     990.1 ||    293.91 |       0.69
   3.00 |   2.00 |     0.25 |    0.77 |     981.9 ||     38.58 |      22.52
   3.00 |   1.99 |     0.40 |    0.92 |     944.5 ||     38.66 |      14.86
   3.00 |   2.00 |     0.25 |    0.77 |     981.8 ||     38.58 |      22.52
   3.00 |   2.00 |     0.80 |    0.76 |     983.1 ||     38.73 |       8.71

==================================================
★【膝點法計算結果 - 最佳折衷方案 (Knee Point / Best Trade-off)】★
==================================================
 ▸ 最高車速 (v_max)     : 2.58 m/s
 ▸ 最大加速度 (a_max)   : 0.97 m/s²
 ▸ 安全距離權重 (w_safe): 9.94
 ▸ 轉向靈敏度 (k_steer)  : 1.01
 ▸ MPC Q/R 比值         : 993.3
---------------------------------------------
 🎯 執行時間 (Exec Time) : 52.32 秒
 🎯 碰撞風險 (Risk Score): 2.08
==================================================
-> results/nsga2/e1_baseline/

##### NSGA-II | e2_pop1000 族群放大到 1000 | POP_SIZE=1000 N_GEN=50 ETA_C=15.0 ETA_M=20.0 seed=42 | 10.13 s
=== 5 維 AMR 超參數 - 帕累托最優解 (部分) ===
  v_max |  a_max | w_safety | k_steer | q_r_ratio || Exec Time | Risk Score
---------------------------------------------------------------------------
   3.00 |   2.00 |     0.12 |    0.51 |     997.0 ||     38.49 |      45.80
   0.50 |   0.10 |    10.00 |    0.57 |     999.8 ||    302.92 |       0.69
   3.00 |   2.00 |     0.12 |    0.51 |     996.8 ||     38.49 |      44.70
   3.00 |   2.00 |     0.15 |    0.50 |     999.4 ||     38.49 |      36.02
   3.00 |   2.00 |     0.19 |    0.50 |     999.7 ||     38.49 |      29.16

==================================================
★【膝點法計算結果 - 最佳折衷方案 (Knee Point / Best Trade-off)】★
==================================================
 ▸ 最高車速 (v_max)     : 3.00 m/s
 ▸ 最大加速度 (a_max)   : 1.33 m/s²
 ▸ 安全距離權重 (w_safe): 10.00
 ▸ 轉向靈敏度 (k_steer)  : 0.61
 ▸ MPC Q/R 比值         : 993.7
---------------------------------------------
 🎯 執行時間 (Exec Time) : 43.96 秒
 🎯 碰撞風險 (Risk Score): 2.62
==================================================
-> results/nsga2/e2_pop1000/

##### NSGA-II | e3_gen100 代數加倍到 100 | POP_SIZE=60 N_GEN=100 ETA_C=15.0 ETA_M=20.0 seed=42 | 1.21 s
=== 5 維 AMR 超參數 - 帕累托最優解 (部分) ===
  v_max |  a_max | w_safety | k_steer | q_r_ratio || Exec Time | Risk Score
---------------------------------------------------------------------------
   3.00 |   2.00 |     0.11 |    0.50 |     999.1 ||     38.47 |      49.68
   0.50 |   0.10 |    10.00 |    0.50 |     997.1 ||    301.80 |       0.69
   0.82 |   0.24 |     9.92 |    0.50 |     999.3 ||    165.73 |       0.83
   3.00 |   2.00 |     0.18 |    0.50 |     998.5 ||     38.49 |      29.99
   0.67 |   0.10 |    10.00 |    0.83 |     997.0 ||    252.19 |       0.72

==================================================
★【膝點法計算結果 - 最佳折衷方案 (Knee Point / Best Trade-off)】★
==================================================
 ▸ 最高車速 (v_max)     : 2.94 m/s
 ▸ 最大加速度 (a_max)   : 1.83 m/s²
 ▸ 安全距離權重 (w_safe): 10.00
 ▸ 轉向靈敏度 (k_steer)  : 0.50
 ▸ MPC Q/R 比值         : 999.8
---------------------------------------------
 🎯 執行時間 (Exec Time) : 42.58 秒
 🎯 碰撞風險 (Risk Score): 2.81
==================================================
-> results/nsga2/e3_gen100/

##### NSGA-II | e4_etac1000 η_c=1000（交叉非常保守） | POP_SIZE=60 N_GEN=50 ETA_C=1000.0 ETA_M=20.0 seed=42 | 0.64 s
=== 5 維 AMR 超參數 - 帕累托最優解 (部分) ===
  v_max |  a_max | w_safety | k_steer | q_r_ratio || Exec Time | Risk Score
---------------------------------------------------------------------------
   0.52 |   0.11 |     9.98 |    1.19 |     997.7 ||    281.41 |       0.70
   2.97 |   1.82 |     2.74 |    1.19 |     978.7 ||     40.17 |       4.16
   2.97 |   1.54 |     3.17 |    1.08 |     994.8 ||     41.35 |       3.77
   2.99 |   1.84 |     7.90 |    1.08 |     986.2 ||     41.47 |       3.00
   0.52 |   0.13 |     9.98 |    1.16 |     994.8 ||    272.66 |       0.71

==================================================
★【膝點法計算結果 - 最佳折衷方案 (Knee Point / Best Trade-off)】★
==================================================
 ▸ 最高車速 (v_max)     : 1.57 m/s
 ▸ 最大加速度 (a_max)   : 0.56 m/s²
 ▸ 安全距離權重 (w_safe): 9.96
 ▸ 轉向靈敏度 (k_steer)  : 0.82
 ▸ MPC Q/R 比值         : 990.2
---------------------------------------------
 🎯 執行時間 (Exec Time) : 84.39 秒
 🎯 碰撞風險 (Risk Score): 1.26
==================================================
-> results/nsga2/e4_etac1000/

##### NSGA-II | e5_etac1e-5 η_c=1e-5（交叉非常激進） | POP_SIZE=60 N_GEN=50 ETA_C=1e-05 ETA_M=20.0 seed=42 | 0.62 s
=== 5 維 AMR 超參數 - 帕累托最優解 (部分) ===
  v_max |  a_max | w_safety | k_steer | q_r_ratio || Exec Time | Risk Score
---------------------------------------------------------------------------
   3.00 |   1.99 |     0.87 |    0.54 |     792.7 ||     38.73 |       8.25
   0.51 |   0.11 |     9.98 |    3.88 |     988.6 ||    295.01 |       0.69
   3.00 |   1.99 |     1.00 |    0.61 |     823.4 ||     38.81 |       7.44
   3.00 |   1.99 |     2.21 |    0.54 |     830.4 ||     39.14 |       4.73
   3.00 |   1.99 |     0.87 |    0.61 |     891.6 ||     38.77 |       8.23

==================================================
★【膝點法計算結果 - 最佳折衷方案 (Knee Point / Best Trade-off)】★
==================================================
 ▸ 最高車速 (v_max)     : 2.10 m/s
 ▸ 最大加速度 (a_max)   : 0.68 m/s²
 ▸ 安全距離權重 (w_safe): 9.86
 ▸ 轉向靈敏度 (k_steer)  : 1.52
 ▸ MPC Q/R 比值         : 963.9
---------------------------------------------
 🎯 執行時間 (Exec Time) : 65.62 秒
 🎯 碰撞風險 (Risk Score): 1.61
==================================================
-> results/nsga2/e5_etac1e-5/

##### NSGA-II | e6_etam1000 η_m=1000（突變擾動極小） | POP_SIZE=60 N_GEN=50 ETA_C=15.0 ETA_M=1000.0 seed=42 | 0.60 s
=== 5 維 AMR 超參數 - 帕累托最優解 (部分) ===
  v_max |  a_max | w_safety | k_steer | q_r_ratio || Exec Time | Risk Score
---------------------------------------------------------------------------
   0.51 |   0.10 |     9.98 |    0.95 |     968.8 ||    296.74 |       0.69
   3.00 |   1.97 |     2.10 |    0.63 |     949.6 ||     39.18 |       4.82
   3.00 |   1.98 |     2.58 |    0.63 |     949.6 ||     39.29 |       4.38
   2.99 |   1.97 |     2.11 |    0.64 |     961.3 ||     39.25 |       4.80
   2.43 |   0.70 |     9.95 |    0.61 |     969.1 ||     58.58 |       1.84

==================================================
★【膝點法計算結果 - 最佳折衷方案 (Knee Point / Best Trade-off)】★
==================================================
 ▸ 最高車速 (v_max)     : 1.63 m/s
 ▸ 最大加速度 (a_max)   : 0.74 m/s²
 ▸ 安全距離權重 (w_safe): 10.00
 ▸ 轉向靈敏度 (k_steer)  : 0.52
 ▸ MPC Q/R 比值         : 950.5
---------------------------------------------
 🎯 執行時間 (Exec Time) : 77.92 秒
 🎯 碰撞風險 (Risk Score): 1.37
==================================================
-> results/nsga2/e6_etam1000/

##### NSGA-II | e7_etam1e-5 η_m=1e-5（突變擾動劇烈） | POP_SIZE=60 N_GEN=50 ETA_C=15.0 ETA_M=1e-05 seed=42 | 0.61 s
=== 5 維 AMR 超參數 - 帕累托最優解 (部分) ===
  v_max |  a_max | w_safety | k_steer | q_r_ratio || Exec Time | Risk Score
---------------------------------------------------------------------------
   0.50 |   0.10 |    10.00 |    0.51 |     979.3 ||    301.71 |       0.69
   3.00 |   2.00 |     0.18 |    0.53 |     917.8 ||     38.51 |      30.53
   3.00 |   2.00 |     0.23 |    0.52 |     971.4 ||     38.53 |      24.51
   3.00 |   2.00 |     0.33 |    0.50 |     965.5 ||     38.55 |      17.62
   3.00 |   2.00 |     0.47 |    0.53 |     917.8 ||     38.60 |      12.99

==================================================
★【膝點法計算結果 - 最佳折衷方案 (Knee Point / Best Trade-off)】★
==================================================
 ▸ 最高車速 (v_max)     : 2.72 m/s
 ▸ 最大加速度 (a_max)   : 1.83 m/s²
 ▸ 安全距離權重 (w_safe): 9.95
 ▸ 轉向靈敏度 (k_steer)  : 0.53
 ▸ MPC Q/R 比值         : 971.7
---------------------------------------------
 🎯 執行時間 (Exec Time) : 45.32 秒
 🎯 碰撞風險 (Risk Score): 2.63
==================================================
-> results/nsga2/e7_etam1e-5/

##### NSGA-III | e1_baseline 基準（預設參數） | POP_SIZE=60 N_GEN=50 ETA_C=15.0 ETA_M=20.0 seed=42 | 0.70 s
=== 5 維 AMR 超參數 - 帕累托最優解 (部分) ===
  v_max |  a_max | w_safety | k_steer | q_r_ratio || Exec Time | Risk Score
---------------------------------------------------------------------------
   1.53 |   0.56 |     9.96 |    0.53 |     996.8 ||     86.34 |       1.23
   2.35 |   0.61 |     9.97 |    0.63 |     987.0 ||     62.11 |       1.73
   0.62 |   0.10 |     9.99 |    0.55 |     985.7 ||    259.67 |       0.71
   2.99 |   1.29 |     9.97 |    0.52 |     988.7 ||     44.28 |       2.59
   2.33 |   1.24 |    10.00 |    0.51 |     957.2 ||     54.02 |       2.04

==================================================
★【膝點法計算結果 - 最佳折衷方案 (Knee Point / Best Trade-off)】★
==================================================
 ▸ 最高車速 (v_max)     : 2.15 m/s
 ▸ 最大加速度 (a_max)   : 0.61 m/s²
 ▸ 安全距離權重 (w_safe): 9.95
 ▸ 轉向靈敏度 (k_steer)  : 0.63
 ▸ MPC Q/R 比值         : 995.7
---------------------------------------------
 🎯 執行時間 (Exec Time) : 66.16 秒
 🎯 碰撞風險 (Risk Score): 1.60
==================================================
-> results/nsga3/e1_baseline/

##### NSGA-III | e2_pop1000 族群放大到 1000 | POP_SIZE=1000 N_GEN=50 ETA_C=15.0 ETA_M=20.0 seed=42 | 11.26 s
=== 5 維 AMR 超參數 - 帕累托最優解 (部分) ===
  v_max |  a_max | w_safety | k_steer | q_r_ratio || Exec Time | Risk Score
---------------------------------------------------------------------------
   2.80 |   1.14 |     9.99 |    0.52 |     998.5 ||     47.52 |       2.35
   3.00 |   2.00 |     1.73 |    0.69 |     993.5 ||     39.03 |       5.34
   2.51 |   0.92 |     9.99 |    0.52 |     998.7 ||     53.84 |       2.00
   2.26 |   0.82 |    10.00 |    0.50 |     999.7 ||     59.52 |       1.78
   1.75 |   0.60 |    10.00 |    0.50 |     999.1 ||     76.93 |       1.36

==================================================
★【膝點法計算結果 - 最佳折衷方案 (Knee Point / Best Trade-off)】★
==================================================
 ▸ 最高車速 (v_max)     : 1.75 m/s
 ▸ 最大加速度 (a_max)   : 0.60 m/s²
 ▸ 安全距離權重 (w_safe): 10.00
 ▸ 轉向靈敏度 (k_steer)  : 0.50
 ▸ MPC Q/R 比值         : 999.1
---------------------------------------------
 🎯 執行時間 (Exec Time) : 76.93 秒
 🎯 碰撞風險 (Risk Score): 1.36
==================================================
-> results/nsga3/e2_pop1000/

##### NSGA-III | e3_gen100 代數加倍到 100 | POP_SIZE=60 N_GEN=100 ETA_C=15.0 ETA_M=20.0 seed=42 | 1.33 s
=== 5 維 AMR 超參數 - 帕累托最優解 (部分) ===
  v_max |  a_max | w_safety | k_steer | q_r_ratio || Exec Time | Risk Score
---------------------------------------------------------------------------
   2.14 |   0.94 |     9.98 |    0.53 |     997.8 ||     60.53 |       1.76
   1.08 |   0.38 |    10.00 |    0.52 |     990.1 ||    122.17 |       0.96
   2.33 |   0.97 |    10.00 |    0.53 |     994.4 ||     56.28 |       1.90
   2.91 |   1.45 |     9.98 |    0.63 |     983.7 ||     44.34 |       2.60
   0.50 |   0.11 |    10.00 |    0.53 |     988.6 ||    297.22 |       0.69

==================================================
★【膝點法計算結果 - 最佳折衷方案 (Knee Point / Best Trade-off)】★
==================================================
 ▸ 最高車速 (v_max)     : 2.12 m/s
 ▸ 最大加速度 (a_max)   : 0.67 m/s²
 ▸ 安全距離權重 (w_safe): 9.99
 ▸ 轉向靈敏度 (k_steer)  : 0.53
 ▸ MPC Q/R 比值         : 988.7
---------------------------------------------
 🎯 執行時間 (Exec Time) : 65.03 秒
 🎯 碰撞風險 (Risk Score): 1.61
==================================================
-> results/nsga3/e3_gen100/

##### NSGA-III | e4_etac1000 η_c=1000（交叉非常保守） | POP_SIZE=60 N_GEN=50 ETA_C=1000.0 ETA_M=20.0 seed=42 | 0.66 s
=== 5 維 AMR 超參數 - 帕累托最優解 (部分) ===
  v_max |  a_max | w_safety | k_steer | q_r_ratio || Exec Time | Risk Score
---------------------------------------------------------------------------
   1.81 |   0.66 |     9.92 |    0.58 |     999.0 ||     73.60 |       1.42
   2.94 |   0.92 |     9.94 |    0.58 |     999.2 ||     48.05 |       2.36
   0.88 |   0.13 |     9.92 |    0.57 |     999.2 ||    196.68 |       0.78
   2.15 |   0.72 |     9.71 |    0.58 |     956.4 ||     63.46 |       1.67
   1.81 |   0.92 |     9.94 |    0.52 |     999.0 ||     69.27 |       1.55

==================================================
★【膝點法計算結果 - 最佳折衷方案 (Knee Point / Best Trade-off)】★
==================================================
 ▸ 最高車速 (v_max)     : 1.81 m/s
 ▸ 最大加速度 (a_max)   : 0.66 m/s²
 ▸ 安全距離權重 (w_safe): 9.92
 ▸ 轉向靈敏度 (k_steer)  : 0.58
 ▸ MPC Q/R 比值         : 999.0
---------------------------------------------
 🎯 執行時間 (Exec Time) : 73.60 秒
 🎯 碰撞風險 (Risk Score): 1.42
==================================================
-> results/nsga3/e4_etac1000/

##### NSGA-III | e5_etac1e-5 η_c=1e-5（交叉非常激進） | POP_SIZE=60 N_GEN=50 ETA_C=1e-05 ETA_M=20.0 seed=42 | 0.73 s
=== 5 維 AMR 超參數 - 帕累托最優解 (部分) ===
  v_max |  a_max | w_safety | k_steer | q_r_ratio || Exec Time | Risk Score
---------------------------------------------------------------------------
   1.37 |   0.37 |     9.97 |    2.95 |     981.2 ||    103.81 |       1.07
   2.23 |   0.78 |     9.94 |    1.62 |     811.7 ||     60.95 |       1.76
   1.77 |   0.49 |     9.98 |    2.36 |     982.1 ||     80.50 |       1.32
   1.03 |   0.32 |     9.98 |    1.27 |     982.1 ||    131.11 |       0.92
   1.57 |   0.48 |     9.91 |    1.14 |     990.0 ||     87.92 |       1.21

==================================================
★【膝點法計算結果 - 最佳折衷方案 (Knee Point / Best Trade-off)】★
==================================================
 ▸ 最高車速 (v_max)     : 1.57 m/s
 ▸ 最大加速度 (a_max)   : 0.48 m/s²
 ▸ 安全距離權重 (w_safe): 9.91
 ▸ 轉向靈敏度 (k_steer)  : 1.14
 ▸ MPC Q/R 比值         : 990.0
---------------------------------------------
 🎯 執行時間 (Exec Time) : 87.92 秒
 🎯 碰撞風險 (Risk Score): 1.21
==================================================
-> results/nsga3/e5_etac1e-5/

##### NSGA-III | e6_etam1000 η_m=1000（突變擾動極小） | POP_SIZE=60 N_GEN=50 ETA_C=15.0 ETA_M=1000.0 seed=42 | 0.65 s
=== 5 維 AMR 超參數 - 帕累托最優解 (部分) ===
  v_max |  a_max | w_safety | k_steer | q_r_ratio || Exec Time | Risk Score
---------------------------------------------------------------------------
   3.00 |   1.88 |     2.86 |    0.57 |     993.3 ||     39.68 |       4.13
   1.20 |   0.37 |     9.85 |    0.71 |     984.0 ||    113.86 |       1.01
   1.83 |   0.73 |     9.84 |    2.72 |     983.7 ||     71.80 |       1.48
   1.66 |   0.33 |     9.80 |    0.71 |     984.0 ||     93.83 |       1.19
   1.15 |   0.60 |     9.85 |    0.56 |     983.8 ||    106.79 |       1.11

==================================================
★【膝點法計算結果 - 最佳折衷方案 (Knee Point / Best Trade-off)】★
==================================================
 ▸ 最高車速 (v_max)     : 1.71 m/s
 ▸ 最大加速度 (a_max)   : 0.61 m/s²
 ▸ 安全距離權重 (w_safe): 9.94
 ▸ 轉向靈敏度 (k_steer)  : 0.56
 ▸ MPC Q/R 比值         : 985.1
---------------------------------------------
 🎯 執行時間 (Exec Time) : 78.05 秒
 🎯 碰撞風險 (Risk Score): 1.35
==================================================
-> results/nsga3/e6_etam1000/

##### NSGA-III | e7_etam1e-5 η_m=1e-5（突變擾動劇烈） | POP_SIZE=60 N_GEN=50 ETA_C=15.0 ETA_M=1e-05 seed=42 | 0.65 s
=== 5 維 AMR 超參數 - 帕累托最優解 (部分) ===
  v_max |  a_max | w_safety | k_steer | q_r_ratio || Exec Time | Risk Score
---------------------------------------------------------------------------
   1.06 |   0.36 |     9.88 |    1.15 |     998.0 ||    124.75 |       0.96
   1.70 |   0.38 |     9.88 |    1.10 |     998.0 ||     88.33 |       1.23
   2.04 |   0.64 |     9.85 |    1.09 |     975.5 ||     67.96 |       1.55
   0.68 |   0.16 |     9.95 |    0.57 |     979.9 ||    211.84 |       0.76
   2.14 |   0.84 |     9.84 |    0.57 |     986.3 ||     61.78 |       1.71

==================================================
★【膝點法計算結果 - 最佳折衷方案 (Knee Point / Best Trade-off)】★
==================================================
 ▸ 最高車速 (v_max)     : 1.91 m/s
 ▸ 最大加速度 (a_max)   : 0.60 m/s²
 ▸ 安全距離權重 (w_safe): 9.95
 ▸ 轉向靈敏度 (k_steer)  : 1.35
 ▸ MPC Q/R 比值         : 985.7
---------------------------------------------
 🎯 執行時間 (Exec Time) : 72.35 秒
 🎯 碰撞風險 (Risk Score): 1.45
==================================================
-> results/nsga3/e7_etam1e-5/

### [2/4] 與簡報逐項比對
# 簡報 vs 重現結果比對

比對來源：`超參數優化.pptx`（自動解析每張結果頁的文字）。表格前 5 列與膝點 7 個數值皆以字串完全相同為準。

| 簡報頁 | 演算法 | 實驗 | 帕累托表格前 5 列 | 膝點 7 個數值 | 簡報膝點 (時間, 風險) | 重現膝點 (時間, 風險) |
|---|---|---|---|---|---|---|
| p.3 | NSGA-II | e1_baseline | 5/5 | ✅ | (52.32, 2.08) | (52.32, 2.08) |
| p.4 | NSGA-II | e2_pop1000 | 5/5 | ✅ | (43.96, 2.62) | (43.96, 2.62) |
| p.5 | NSGA-II | e3_gen100 | 5/5 | ✅ | (42.58, 2.81) | (42.58, 2.81) |
| p.6 | NSGA-II | e4_etac1000 | 5/5 | ✅ | (84.39, 1.26) | (84.39, 1.26) |
| p.7 | NSGA-II | e5_etac1e-5 | 5/5 | ✅ | (65.62, 1.61) | (65.62, 1.61) |
| p.8 | NSGA-II | e6_etam1000 | 5/5 | ✅ | (77.92, 1.37) | (77.92, 1.37) |
| p.9 | NSGA-II | e7_etam1e-5 | 5/5 | ✅ | (45.32, 2.63) | (45.32, 2.63) |
| p.13 | NSGA-III | e1_baseline | 5/5 | ✅ | (66.16, 1.60) | (66.16, 1.60) |
| p.14 | NSGA-III | e2_pop1000 | 5/5 | ✅ | (76.93, 1.36) | (76.93, 1.36) |
| p.15 | NSGA-III | e3_gen100 | 5/5 | ✅ | (65.03, 1.61) | (65.03, 1.61) |
| p.16 | NSGA-III | e4_etac1000 | 5/5 | ✅ | (73.60, 1.42) | (73.60, 1.42) |
| p.17 | NSGA-III | e5_etac1e-5 | 5/5 | ✅ | (87.92, 1.21) | (87.92, 1.21) |
| p.18 | NSGA-III | e6_etam1000 | 5/5 | ✅ | (78.05, 1.35) | (78.05, 1.35) |
| p.19 | NSGA-III | e7_etam1e-5 | 5/5 | ✅ | (72.35, 1.45) | (72.35, 1.45) |

結論：**全部 14 組完全一致。**

### [3/4] 彙整報告與比較圖
-> results/summary.csv, results/summary.md
-> results/figures/convergence_igd.png
-> results/figures/fronts_by_setting.png
-> results/figures/knee_points.png
-> results/figures/metrics_comparison.png
-> results/figures/pareto_set_e1_baseline.png

### [4/4] 多種子研究（20 個種子 + seed 42）
NSGA-II  e1_baseline      done (21 seeds)
NSGA-III e1_baseline      done (21 seeds)
NSGA-II  e2_pop1000       done (21 seeds)
NSGA-III e2_pop1000       done (21 seeds)
NSGA-II  e3_gen100        done (21 seeds)
NSGA-III e3_gen100        done (21 seeds)
NSGA-II  e4_etac1000      done (21 seeds)
NSGA-III e4_etac1000      done (21 seeds)
NSGA-II  e5_etac1e-5      done (21 seeds)
NSGA-III e5_etac1e-5      done (21 seeds)
NSGA-II  e6_etam1000      done (21 seeds)
NSGA-III e6_etam1000      done (21 seeds)
NSGA-II  e7_etam1e-5      done (21 seeds)
NSGA-III e7_etam1e-5      done (21 seeds)
NSGA-II  s1_pm_per_var    done (21 seeds)
NSGA-III s1_pm_per_var    done (21 seeds)
NSGA-III s2_partitions30  done (21 seeds)
# 多種子研究

每組設定跑 21 個種子（0~19 與簡報的 42），表中為 平均 ± 標準差（最小 ~ 最大）。e1~e7 為簡報設定，s1、s2 為建議實驗。

| 演算法 | 設定 | 膝點時間：簡報方法 (s) | seed=42 | 膝點時間：固定正規化 (s) | HV 比例 | IGD | 前緣最高風險 | k_steer 中位數 |
|---|---|---|---|---|---|---|---|---|
| NSGA-II | e1 · baseline | 71.8 ± 17.9 (42.9 ~ 93.3) | 52.3 | 43.20 ± 1.09 | 0.9965 | 0.174 ± 0.082 | 13.1 ± 14.1 | 0.90 ± 0.42 |
| NSGA-II | e2 · POP_SIZE=1000 | 45.4 ± 1.9 (43.5 ~ 49.5) | 44.0 | 43.57 ± 0.24 | 0.9999 | 0.029 ± 0.021 | 40.3 ± 8.5 | 0.55 ± 0.02 |
| NSGA-II | e3 · N_GEN=100 | 62.2 ± 22.0 (41.2 ~ 95.2) | 42.6 | 43.25 ± 1.40 | 0.9974 | 0.118 ± 0.105 | 25.7 ± 21.5 | 0.58 ± 0.12 |
| NSGA-II | e4 · η_c=1000 | 74.5 ± 9.8 (57.8 ~ 92.7) | 84.4 | 43.74 ± 0.81 | 0.9951 | 0.239 ± 0.023 | 4.8 ± 1.7 | 0.72 ± 0.33 |
| NSGA-II | e5 · η_c=1e-05 | 57.5 ± 12.1 (40.9 ~ 87.7) | 65.6 | 43.41 ± 1.25 | 0.9981 | 0.129 ± 0.073 | 21.5 ± 16.2 | 1.29 ± 0.38 |
| NSGA-II | e6 · η_m=1000 | 72.9 ± 18.6 (43.7 ~ 97.0) | 77.9 | 43.53 ± 0.95 | 0.9956 | 0.188 ± 0.074 | 10.9 ± 11.7 | 0.98 ± 0.58 |
| NSGA-II | e7 · η_m=1e-05 | 54.1 ± 12.8 (43.6 ~ 86.2) | 45.3 | 43.50 ± 1.39 | 0.9985 | 0.097 ± 0.067 | 25.8 ± 12.9 | 0.77 ± 0.35 |
| NSGA-II | s1 · p_m=1, p_m,var=0.2 | 61.2 ± 18.5 (41.4 ~ 94.1) | 78.0 | 43.61 ± 1.78 | 0.9977 | 0.121 ± 0.092 | 23.6 ± 18.4 | 0.79 ± 0.30 |
| NSGA-III | e1 · baseline | 79.1 ± 11.8 (56.6 ~ 94.3) | 66.2 | 44.06 ± 3.21 | 0.9915 | 0.261 ± 0.017 | 4.5 ± 2.3 | 0.91 ± 0.52 |
| NSGA-III | e2 · POP_SIZE=1000 | 54.9 ± 12.3 (43.4 ~ 79.0) | 76.9 | 44.39 ± 1.72 | 0.9925 | 0.201 ± 0.036 | 24.9 ± 15.8 | 0.52 ± 0.01 |
| NSGA-III | e3 · N_GEN=100 | 79.8 ± 16.3 (43.9 ~ 102.5) | 65.0 | 45.21 ± 4.04 | 0.9925 | 0.246 ± 0.036 | 7.6 ± 9.4 | 0.69 ± 0.50 |
| NSGA-III | e4 · η_c=1000 | 74.3 ± 12.0 (56.8 ~ 92.4) | 73.6 | 44.64 ± 2.77 | 0.9904 | 0.275 ± 0.028 | 4.5 ± 2.1 | 0.66 ± 0.14 |
| NSGA-III | e5 · η_c=1e-05 | 77.1 ± 10.3 (51.6 ~ 90.0) | 87.9 | 45.74 ± 3.45 | 0.9917 | 0.253 ± 0.016 | 5.2 ± 2.9 | 1.31 ± 0.44 |
| NSGA-III | e6 · η_m=1000 | 73.2 ± 11.9 (50.2 ~ 97.1) | 78.0 | 45.05 ± 3.00 | 0.9917 | 0.269 ± 0.029 | 5.0 ± 2.6 | 0.89 ± 0.45 |
| NSGA-III | e7 · η_m=1e-05 | 66.5 ± 14.1 (43.4 ~ 96.8) | 72.3 | 45.64 ± 2.11 | 0.9932 | 0.229 ± 0.036 | 10.1 ± 7.9 | 0.67 ± 0.16 |
| NSGA-III | s1 · p_m=1, p_m,var=0.2 | 77.1 ± 15.7 (45.7 ~ 96.0) | 83.9 | 43.37 ± 2.63 | 0.9919 | 0.245 ± 0.033 | 7.0 ± 6.9 | 0.95 ± 0.38 |
| NSGA-III | s2 · n_partitions=30 | 78.0 ± 14.1 (42.8 ~ 96.1) | 72.8 | 43.71 ± 1.76 | 0.9915 | 0.250 ± 0.042 | 5.9 ± 7.7 | 0.83 ± 0.28 |
-> results/seed_study/, results/figures/seed_study.png

===== 2026-09-28 18:35:32 完成 =====
